login as: netadmin
netadmin@172.21.12.29's password:
Welcome to Ubuntu 22.04.3 LTS (GNU/Linux 5.15.0-88-generic x86_64)

 * Documentation:  https://help.ubuntu.com
 * Management:     https://landscape.canonical.com
 * Support:        https://ubuntu.com/advantage

  System information as of Wed Nov 22 06:09:11 PM UTC 2023

  System load:    0.0              Processes:               250
  Usage of /home: 1.1% of 7.99GB   Users logged in:         1
  Memory usage:   19%              IPv4 address for ens160: 172.21.12.29
  Swap usage:     0%

 * Strictly confined Kubernetes makes edge and IoT secure. Learn how MicroK8s
   just raised the bar for easy, resilient and secure K8s cluster deployment.

   https://ubuntu.com/engage/secure-kubernetes-at-the-edge

Expanded Security Maintenance for Applications is not enabled.

4 updates can be applied immediately.
To see these additional updates run: apt list --upgradable

Enable ESM Apps to receive additional future security updates.
See https://ubuntu.com/esm or run: sudo pro status


*** System restart required ***
Last login: Wed Nov 22 17:41:10 2023 from 172.21.12.169
netadmin@netadmin:~$ touch /etc/prueba.txt
touch: cannot touch '/etc/prueba.txt': Permission denied
netadmin@netadmin:~$ sudo -i
[sudo] password for netadmin:
root@netadmin:~# touch /etc/prueba.txt
root@netadmin:~# ls /etc/pru*
/etc/prueba1.txt  /etc/prueba2.txt  /etc/prueba.txt
root@netadmin:~# ls -l /usr/bin/whatis
-rwxr-xr-x 1 root root 48416 Mar 17  2022 /usr/bin/whatis
root@netadmin:~# whoami
root
root@netadmin:~# exit
logout
netadmin@netadmin:~$ groups
netadmin adm cdrom sudo dip plugdev lxd
netadmin@netadmin:~$ sudo groupadd oficina_malaga
netadmin@netadmin:~$ sudo groupadd oficina_jaen
netadmin@netadmin:~$ sudo groupadd oficina_madrit
netadmin@netadmin:~$ sudo groupmod -n oficina_madrid oficina _madrit
Usage: groupmod [options] GROUP

Options:
  -g, --gid GID                 change the group ID to GID
  -h, --help                    display this help message and exit
  -n, --new-name NEW_GROUP      change the name to NEW_GROUP
  -o, --non-unique              allow to use a duplicate (non-unique) GID
  -p, --password PASSWORD       change the password to this (encrypted)
                                PASSWORD
  -R, --root CHROOT_DIR         directory to chroot into
  -P, --prefix PREFIX_DIR       prefix directory where are located the /etc/* files

netadmin@netadmin:~$ sudo groupmod -n oficina_madrid oficina_madrit
netadmin@netadmin:~$ sudo bash
root@netadmin:/home/netadmin# adduser pedro --ingroup oficina_malaga
Adding user `pedro' ...
Adding new user `pedro' (1005) with group `oficina_malaga' ...
Creating home directory `/home/pedro' ...
Copying files from `/etc/skel' ...
New password:
Retype new password:
passwd: password updated successfully
Changing the user information for pedro
Enter the new value, or press ENTER for the default
        Full Name []: 1
        Room Number []: 1
        Work Phone []: 1
        Home Phone []: 1
        Other []: 1
Is the information correct? [Y/n] y
root@netadmin:/home/netadmin# adduser ana  --ingroup oficina_malaga
Adding user `ana' ...
Adding new user `ana' (1006) with group `oficina_malaga' ...
Creating home directory `/home/ana' ...
Copying files from `/etc/skel' ...
New password:
Retype new password:
passwd: password updated successfully
Changing the user information for ana
Enter the new value, or press ENTER for the default
        Full Name []: 1
        Room Number []: 1
        Work Phone []: 1
        Home Phone []: 1
        Other []: 1
Is the information correct? [Y/n] y
root@netadmin:/home/netadmin# adduser berta  --ingroup oficina_malaga
Adding user `berta' ...
Adding new user `berta' (1007) with group `oficina_malaga' ...
Creating home directory `/home/berta' ...
Copying files from `/etc/skel' ...
New password:
Retype new password:
passwd: password updated successfully
Changing the user information for berta
Enter the new value, or press ENTER for the default
        Full Name []: 1
        Room Number []: 1
        Work Phone []: 1
        Home Phone []: 1
        Other []: 1
Is the information correct? [Y/n] y
root@netadmin:/home/netadmin# adduser laura  --ingroup oficina_madrid
Adding user `laura' ...
Adding new user `laura' (1008) with group `oficina_madrid' ...
Creating home directory `/home/laura' ...
Copying files from `/etc/skel' ...
New password:
Retype new password:
passwd: password updated successfully
Changing the user information for laura
Enter the new value, or press ENTER for the default
        Full Name []: 1
        Room Number []: 1
        Work Phone []: 1
        Home Phone []: 1
        Other []: 1
Is the information correct? [Y/n] y
root@netadmin:/home/netadmin# adduser laura  --ingroup oficina_malaga
adduser: The user `laura' already exists.
root@netadmin:/home/netadmin# laura
laura: command not found
root@netadmin:/home/netadmin# adduser laura  --ingroup oficina_malaga
adduser: The user `laura' already exists.
root@netadmin:/home/netadmin# adduser carla  --ingroup oficina_madrid
Adding user `carla' ...
Adding new user `carla' (1009) with group `oficina_madrid' ...
Creating home directory `/home/carla' ...
Copying files from `/etc/skel' ...
New password:
Retype new password:
passwd: password updated successfully
Changing the user information for carla
Enter the new value, or press ENTER for the default
        Full Name []: 1
        Room Number []: 1
        Work Phone []: 1
        Home Phone []: 1
        Other []: 1
Is the information correct? [Y/n] y
root@netadmin:/home/netadmin# groups ana berta laura
ana : oficina_malaga
berta : oficina_malaga
laura : oficina_madrid
root@netadmin:/home/netadmin# exit
exit
netadmin@netadmin:~$ ls /home
ana  berta  brodriguez  byron  carla  halmache  laura  netadmin  pedro  rodriguezv
netadmin@netadmin:~$ su pedro
Password:
pedro@netadmin:/home/netadmin$ cd
pedro@netadmin:~$ pwd
/home/pedro
pedro@netadmin:~$ touch informe.txt
pedro@netadmin:~$ ls -l
total 0
-rw-r--r-- 1 pedro oficina_malaga 0 Nov 22 19:01 informe.txt
pedro@netadmin:~$ mv informe.txt /home/laura/
mv: cannot stat '/home/laura/informe.txt': Permission denied
pedro@netadmin:~$ mv informe.txt /home/laura/
mv: cannot stat '/home/laura/informe.txt': Permission denied
pedro@netadmin:~$ exit
exit
netadmin@netadmin:~$ sudo su
[sudo] password for netadmin:
Sorry, try again.
[sudo] password for netadmin:
root@netadmin:/home/netadmin# su pedro
pedro@netadmin:/home/netadmin$ ls
ls: cannot open directory '.': Permission denied
pedro@netadmin:/home/netadmin$ cd
pedro@netadmin:~$ pwd
/home/pedro
pedro@netadmin:~$ sudo su
[sudo] password for pedro:
pedro is not in the sudoers file.  This incident will be reported.
pedro@netadmin:~$ exit
exit
root@netadmin:/home/netadmin# exit
exit
netadmin@netadmin:~$ sudo su
root@netadmin:/home/netadmin# cd /home/pedro/
root@netadmin:/home/pedro# mv informe.txt /home/laura/
root@netadmin:/home/pedro# sudo pedro
sudo: pedro: command not found
root@netadmin:/home/pedro# ls -l
total 0
root@netadmin:/home/pedro# su pedro
pedro@netadmin:~$ ls -l
total 0
pedro@netadmin:~$ touch hola_mundo.rb
pedro@netadmin:~$ ls -l  hola_mundo.rb
-rw-r--r-- 1 pedro oficina_malaga 0 Nov 22 19:26 hola_mundo.rb
pedro@netadmin:~$ chmod +x hola_mundo.rb
pedro@netadmin:~$ ls -l
total 0
-rwxr-xr-x 1 pedro oficina_malaga 0 Nov 22 19:26 hola_mundo.rb
pedro@netadmin:~$ chmod o-x hola mundo.rb
chmod: cannot access 'hola': No such file or directory
chmod: cannot access 'mundo.rb': No such file or directory
pedro@netadmin:~$ chmod o-x hola_mundo.rb
pedro@netadmin:~$ ls -l
total 0
-rwxr-xr-- 1 pedro oficina_malaga 0 Nov 22 19:26 hola_mundo.rb
pedro@netadmin:~$ chmod 775 hola_mundo.rb
pedro@netadmin:~$ chmod u+rwx hola_mundo.rb
pedro@netadmin:~$ chmod g+rx-w hola_mundo.rb
pedro@netadmin:~$ chmod o+rx-w hola_mundo.rb
pedro@netadmin:~$ ls -l
total 0
-rwxr-xr-x 1 pedro oficina_malaga 0 Nov 22 19:26 hola_mundo.rb
pedro@netadmin:~$
